"""
>>> add_integer(5, 3)
8
>>> add_integer(-5, 7)
2
>>> add_integer(0, 0)
0
>>> add_integer(3.5, 2)
5
>>> add_integer(7, 2.5)
9
>>> add_integer(3.8, 2.7)
6
>>> add_integer("5", 3)
Traceback (most recent call last):
    ...
TypeError: a must be an integer or b must be an integer
>>> add_integer(5, "3")
Traceback (most recent call last):
    ...
TypeError: a must be an integer or b must be an integer
>>> add_integer("hello", 3.5)
Traceback (most recent call last):
    ...
TypeError: a must be an integer or b must be an integer
>>> add_integer(5.5, "world")
Traceback (most recent call last):
    ...
TypeError: a must be an integer or b must be an integer
"""
